{
    "deps_info": {
        "name": "java_prebuilt.json",
        "jar_path": "lib/build/chip/java/tests/prebuilt_jar.jar",
        "deps_configs": ["gen/build/chip/java/tests/child_prebuilt.json"],
        "deps_jars": ["lib/build/chip/java/tests/child_jar.jar"]
    }
}
